[2024-07-10T16:06:39.416+0500][info][gc] Using The Z Garbage Collector
[2024-07-10T16:06:39.551+0500][info][gc] GC(0) Garbage Collection (Warmup) 4M(22%)->4M(22%)
[2024-07-10T16:06:39.640+0500][info][gc] GC(1) Garbage Collection (Warmup) 4M(22%)->4M(22%)
[2024-07-10T16:06:40.557+0500][info][gc] GC(2) Garbage Collection (Warmup) 6M(33%)->4M(22%)
[2024-07-10T16:06:42.245+0500][info][gc] GC(3) Garbage Collection (Proactive) 6M(33%)->6M(33%)
[2024-07-10T16:06:42.364+0500][info][gc] GC(4) Garbage Collection (Allocation Rate) 14M(78%)->10M(56%)
[2024-07-10T16:06:42.449+0500][info][gc] GC(5) Garbage Collection (Allocation Rate) 14M(78%)->8M(44%)
[2024-07-10T16:06:42.552+0500][info][gc] GC(6) Garbage Collection (Allocation Rate) 10M(56%)->8M(44%)
[2024-07-10T16:06:42.681+0500][info][gc] GC(7) Garbage Collection (Allocation Rate) 10M(56%)->8M(44%)
[2024-07-10T16:06:42.758+0500][info][gc] GC(8) Garbage Collection (Allocation Rate) 10M(56%)->8M(44%)
[2024-07-10T16:06:42.893+0500][info][gc] GC(9) Garbage Collection (Allocation Rate) 8M(44%)->10M(56%)
[2024-07-10T16:06:42.976+0500][info][gc] GC(10) Garbage Collection (Allocation Rate) 10M(56%)->10M(56%)
[2024-07-10T16:06:43.054+0500][info][gc] GC(11) Garbage Collection (Allocation Rate) 10M(56%)->10M(56%)
[2024-07-10T16:06:43.160+0500][info][gc] GC(12) Garbage Collection (Allocation Rate) 10M(56%)->10M(56%)
[2024-07-10T16:06:43.266+0500][info][gc] GC(13) Garbage Collection (Allocation Rate) 10M(56%)->10M(56%)
[2024-07-10T16:06:43.360+0500][info][gc] GC(14) Garbage Collection (Allocation Rate) 10M(56%)->8M(44%)
[2024-07-10T16:06:43.452+0500][info][gc] GC(15) Garbage Collection (Allocation Rate) 10M(56%)->8M(44%)
[2024-07-10T16:06:43.546+0500][info][gc] GC(16) Garbage Collection (Allocation Rate) 10M(56%)->8M(44%)
[2024-07-10T16:06:43.653+0500][info][gc] GC(17) Garbage Collection (Allocation Rate) 10M(56%)->10M(56%)
[2024-07-10T16:06:43.747+0500][info][gc] GC(18) Garbage Collection (Allocation Rate) 10M(56%)->10M(56%)
[2024-07-10T16:06:43.857+0500][info][gc] GC(19) Garbage Collection (Allocation Rate) 10M(56%)->10M(56%)
[2024-07-10T16:06:43.950+0500][info][gc] GC(20) Garbage Collection (Allocation Rate) 10M(56%)->8M(44%)
[2024-07-10T16:06:44.060+0500][info][gc] GC(21) Garbage Collection (Allocation Rate) 10M(56%)->10M(56%)
[2024-07-10T16:06:44.152+0500][info][gc] GC(22) Garbage Collection (Allocation Rate) 10M(56%)->8M(44%)
[2024-07-10T16:06:44.967+0500][info][gc] GC(23) Garbage Collection (Proactive) 10M(56%)->10M(56%)
[2024-07-10T16:06:45.066+0500][info][gc] GC(24) Garbage Collection (Allocation Rate) 10M(56%)->10M(56%)
[2024-07-10T16:06:45.148+0500][info][gc] GC(25) Garbage Collection (Allocation Rate) 10M(56%)->10M(56%)
[2024-07-10T16:06:49.748+0500][info][gc] GC(26) Garbage Collection (Proactive) 12M(67%)->8M(44%)
[2024-07-10T16:06:51.550+0500][info][gc] GC(27) Garbage Collection (Proactive) 10M(56%)->10M(56%)
[2024-07-10T16:06:55.652+0500][info][gc] GC(28) Garbage Collection (Proactive) 12M(67%)->10M(56%)
[2024-07-10T16:07:04.754+0500][info][gc] GC(29) Garbage Collection (Proactive) 12M(67%)->8M(44%)
[2024-07-10T16:07:05.862+0500][info][gc] GC(30) Garbage Collection (Proactive) 10M(56%)->8M(44%)
[2024-07-10T16:07:06.860+0500][info][gc] GC(31) Garbage Collection (Proactive) 10M(56%)->10M(56%)
[2024-07-10T16:07:07.865+0500][info][gc] GC(32) Garbage Collection (Proactive) 12M(67%)->10M(56%)
[2024-07-10T16:07:09.757+0500][info][gc] GC(33) Garbage Collection (Proactive) 12M(67%)->10M(56%)
[2024-07-10T16:07:11.356+0500][info][gc] GC(34) Garbage Collection (Proactive) 12M(67%)->10M(56%)
[2024-07-10T16:07:12.558+0500][info][gc] GC(35) Garbage Collection (Proactive) 12M(67%)->10M(56%)
[2024-07-10T16:07:13.650+0500][info][gc] GC(36) Garbage Collection (Proactive) 12M(67%)->10M(56%)
[2024-07-10T16:07:14.645+0500][info][gc] GC(37) Garbage Collection (Proactive) 12M(67%)->10M(56%)
[2024-07-10T16:07:15.443+0500][info][gc] GC(38) Garbage Collection (Proactive) 12M(67%)->10M(56%)
[2024-07-10T16:07:16.155+0500][info][gc] GC(39) Garbage Collection (Proactive) 12M(67%)->10M(56%)
[2024-07-10T16:07:16.864+0500][info][gc] GC(40) Garbage Collection (Proactive) 12M(67%)->10M(56%)
[2024-07-10T16:07:18.744+0500][info][gc] GC(41) Garbage Collection (Proactive) 12M(67%)->10M(56%)
[2024-07-10T16:07:20.260+0500][info][gc] GC(42) Garbage Collection (Proactive) 12M(67%)->10M(56%)
[2024-07-10T16:07:21.853+0500][info][gc] GC(43) Garbage Collection (Proactive) 12M(67%)->10M(56%)
[2024-07-10T16:07:23.250+0500][info][gc] GC(44) Garbage Collection (Proactive) 12M(67%)->10M(56%)
[2024-07-10T16:07:24.372+0500][info][gc] GC(45) Garbage Collection (Proactive) 12M(67%)->10M(56%)
[2024-07-10T16:07:26.773+0500][info][gc] GC(46) Garbage Collection (Proactive) 12M(67%)->12M(67%)
[2024-07-10T16:07:31.221+0500][info][gc] Allocation Stall (main) 13.840ms
[2024-07-10T16:07:31.221+0500][info][gc] GC(47) Garbage Collection (Allocation Stall) 18M(100%)->14M(78%)
[2024-07-10T16:07:31.239+0500][info][gc] Allocation Stall (main) 11.660ms
[2024-07-10T16:07:31.239+0500][info][gc] GC(48) Garbage Collection (Allocation Stall) 18M(100%)->14M(78%)
[2024-07-10T16:07:31.257+0500][info][gc] Allocation Stall (main) 11.742ms
[2024-07-10T16:07:31.257+0500][info][gc] GC(49) Garbage Collection (Allocation Stall) 18M(100%)->16M(89%)
[2024-07-10T16:07:31.273+0500][info][gc] Allocation Stall (main) 11.264ms
[2024-07-10T16:07:31.273+0500][info][gc] GC(50) Garbage Collection (Allocation Stall) 18M(100%)->16M(89%)
[2024-07-10T16:07:31.289+0500][info][gc] Allocation Stall (main) 11.539ms
[2024-07-10T16:07:31.289+0500][info][gc] GC(51) Garbage Collection (Allocation Stall) 18M(100%)->16M(89%)
[2024-07-10T16:07:31.303+0500][info][gc] Allocation Stall (main) 11.609ms
[2024-07-10T16:07:31.304+0500][info][gc] Relocation Stall (main) 0.139ms
[2024-07-10T16:07:31.304+0500][info][gc] GC(52) Garbage Collection (Allocation Stall) 18M(100%)->16M(89%)
[2024-07-10T16:07:31.318+0500][info][gc] Allocation Stall (main) 11.718ms
[2024-07-10T16:07:31.319+0500][info][gc] GC(53) Garbage Collection (Allocation Stall) 18M(100%)->12M(67%)
[2024-07-10T16:07:31.351+0500][info][gc] GC(54) Garbage Collection (Allocation Rate) 12M(67%)->10M(56%)
[2024-07-10T16:07:31.453+0500][info][gc] GC(55) Garbage Collection (Allocation Rate) 10M(56%)->10M(56%)
[2024-07-10T16:07:31.582+0500][info][gc] GC(56) Garbage Collection (Allocation Rate) 10M(56%)->10M(56%)
[2024-07-10T16:07:31.667+0500][info][gc] GC(57) Garbage Collection (Allocation Rate) 10M(56%)->10M(56%)
[2024-07-10T16:07:31.759+0500][info][gc] GC(58) Garbage Collection (Allocation Rate) 12M(67%)->8M(44%)
[2024-07-10T16:07:31.854+0500][info][gc] GC(59) Garbage Collection (Allocation Rate) 8M(44%)->8M(44%)
[2024-07-10T16:07:31.950+0500][info][gc] GC(60) Garbage Collection (Allocation Rate) 8M(44%)->8M(44%)
[2024-07-10T16:07:32.052+0500][info][gc] GC(61) Garbage Collection (Allocation Rate) 8M(44%)->8M(44%)
[2024-07-10T16:07:32.155+0500][info][gc] GC(62) Garbage Collection (Allocation Rate) 8M(44%)->8M(44%)
[2024-07-10T16:07:32.361+0500][info][gc] GC(63) Garbage Collection (Allocation Rate) 8M(44%)->8M(44%)
[2024-07-10T16:07:32.471+0500][info][gc] GC(64) Garbage Collection (Allocation Rate) 8M(44%)->8M(44%)
[2024-07-10T16:07:32.556+0500][info][gc] GC(65) Garbage Collection (Allocation Rate) 8M(44%)->8M(44%)
[2024-07-10T16:07:32.659+0500][info][gc] GC(66) Garbage Collection (Allocation Rate) 8M(44%)->8M(44%)
[2024-07-10T16:07:32.751+0500][info][gc] GC(67) Garbage Collection (Allocation Rate) 10M(56%)->10M(56%)
[2024-07-10T16:07:32.844+0500][info][gc] GC(68) Garbage Collection (Allocation Rate) 10M(56%)->10M(56%)
[2024-07-10T16:07:32.950+0500][info][gc] GC(69) Garbage Collection (Allocation Rate) 10M(56%)->10M(56%)
[2024-07-10T16:07:33.062+0500][info][gc] GC(70) Garbage Collection (Allocation Rate) 10M(56%)->10M(56%)
[2024-07-10T16:07:34.149+0500][info][gc] GC(71) Garbage Collection (Proactive) 12M(67%)->10M(56%)
[2024-07-10T16:07:35.252+0500][info][gc] GC(72) Garbage Collection (Proactive) 12M(67%)->10M(56%)
[2024-07-10T16:07:36.248+0500][info][gc] GC(73) Garbage Collection (Proactive) 12M(67%)->10M(56%)
[2024-07-10T16:07:37.274+0500][info][gc] GC(74) Garbage Collection (Proactive) 12M(67%)->10M(56%)
[2024-07-10T16:07:40.253+0500][info][gc] GC(75) Garbage Collection (Proactive) 12M(67%)->10M(56%)
[2024-07-10T16:07:42.553+0500][info][gc] GC(76) Garbage Collection (Proactive) 12M(67%)->10M(56%)
[2024-07-10T16:07:44.165+0500][info][gc] GC(77) Garbage Collection (Proactive) 12M(67%)->10M(56%)
[2024-07-10T16:07:45.750+0500][info][gc] GC(78) Garbage Collection (Proactive) 12M(67%)->10M(56%)
[2024-07-10T16:07:47.073+0500][info][gc] GC(79) Garbage Collection (Proactive) 12M(67%)->10M(56%)
[2024-07-10T16:07:49.648+0500][info][gc] GC(80) Garbage Collection (Proactive) 12M(67%)->10M(56%)
[2024-07-10T16:07:51.652+0500][info][gc] GC(81) Garbage Collection (Proactive) 12M(67%)->10M(56%)
[2024-07-10T16:07:53.155+0500][info][gc] GC(82) Garbage Collection (Proactive) 14M(78%)->12M(67%)
[2024-07-10T16:07:54.344+0500][info][gc] GC(83) Garbage Collection (Proactive) 14M(78%)->12M(67%)
[2024-07-10T16:07:55.247+0500][info][gc] GC(84) Garbage Collection (Proactive) 14M(78%)->12M(67%)
[2024-07-10T16:07:56.044+0500][info][gc] GC(85) Garbage Collection (Proactive) 14M(78%)->12M(67%)
[2024-07-10T16:07:56.844+0500][info][gc] GC(86) Garbage Collection (Proactive) 14M(78%)->12M(67%)
[2024-07-10T16:07:57.854+0500][info][gc] GC(87) Garbage Collection (Proactive) 14M(78%)->12M(67%)
[2024-07-10T16:07:58.559+0500][info][gc] GC(88) Garbage Collection (Proactive) 14M(78%)->10M(56%)
[2024-07-10T16:08:00.965+0500][info][gc] GC(89) Garbage Collection (Proactive) 12M(67%)->10M(56%)
[2024-07-10T16:08:02.746+0500][info][gc] GC(90) Garbage Collection (Proactive) 12M(67%)->12M(67%)
[2024-07-10T16:08:12.755+0500][info][gc] GC(91) Garbage Collection (Proactive) 14M(78%)->10M(56%)
[2024-07-10T16:08:14.158+0500][info][gc] GC(92) Garbage Collection (Proactive) 12M(67%)->12M(67%)
[2024-07-10T16:08:15.154+0500][info][gc] GC(93) Garbage Collection (Proactive) 14M(78%)->12M(67%)
[2024-07-10T16:08:16.047+0500][info][gc] GC(94) Garbage Collection (Proactive) 14M(78%)->12M(67%)
[2024-07-10T16:08:16.851+0500][info][gc] GC(95) Garbage Collection (Proactive) 14M(78%)->12M(67%)
[2024-07-10T16:08:17.850+0500][info][gc] GC(96) Garbage Collection (Proactive) 14M(78%)->12M(67%)
[2024-07-10T16:08:18.849+0500][info][gc] GC(97) Garbage Collection (Proactive) 14M(78%)->12M(67%)
[2024-07-10T16:08:19.853+0500][info][gc] GC(98) Garbage Collection (Proactive) 14M(78%)->12M(67%)
[2024-07-10T16:08:20.857+0500][info][gc] GC(99) Garbage Collection (Proactive) 14M(78%)->12M(67%)
[2024-07-10T16:08:21.854+0500][info][gc] GC(100) Garbage Collection (Proactive) 14M(78%)->12M(67%)
[2024-07-10T16:08:22.856+0500][info][gc] GC(101) Garbage Collection (Proactive) 14M(78%)->12M(67%)
[2024-07-10T16:08:23.854+0500][info][gc] GC(102) Garbage Collection (Proactive) 14M(78%)->12M(67%)
[2024-07-10T16:08:24.842+0500][info][gc] GC(103) Garbage Collection (Proactive) 14M(78%)->12M(67%)
[2024-07-10T16:08:25.855+0500][info][gc] GC(104) Garbage Collection (Proactive) 14M(78%)->12M(67%)
[2024-07-10T16:08:26.856+0500][info][gc] GC(105) Garbage Collection (Proactive) 14M(78%)->12M(67%)
[2024-07-10T16:08:27.853+0500][info][gc] GC(106) Garbage Collection (Proactive) 14M(78%)->12M(67%)
[2024-07-10T16:08:28.844+0500][info][gc] GC(107) Garbage Collection (Proactive) 14M(78%)->12M(67%)
[2024-07-10T16:08:29.853+0500][info][gc] GC(108) Garbage Collection (Proactive) 14M(78%)->12M(67%)
[2024-07-10T16:08:30.845+0500][info][gc] GC(109) Garbage Collection (Proactive) 14M(78%)->12M(67%)
[2024-07-10T16:08:31.856+0500][info][gc] GC(110) Garbage Collection (Proactive) 14M(78%)->12M(67%)
[2024-07-10T16:08:32.854+0500][info][gc] GC(111) Garbage Collection (Proactive) 14M(78%)->12M(67%)
[2024-07-10T16:08:33.852+0500][info][gc] GC(112) Garbage Collection (Proactive) 14M(78%)->12M(67%)
[2024-07-10T16:08:34.858+0500][info][gc] GC(113) Garbage Collection (Proactive) 14M(78%)->12M(67%)
[2024-07-10T16:08:35.849+0500][info][gc] GC(114) Garbage Collection (Proactive) 14M(78%)->12M(67%)
[2024-07-10T16:08:36.845+0500][info][gc] GC(115) Garbage Collection (Proactive) 14M(78%)->12M(67%)
[2024-07-10T16:08:37.851+0500][info][gc] GC(116) Garbage Collection (Proactive) 14M(78%)->12M(67%)
[2024-07-10T16:08:38.851+0500][info][gc] GC(117) Garbage Collection (Proactive) 14M(78%)->12M(67%)
[2024-07-10T16:08:39.844+0500][info][gc] GC(118) Garbage Collection (Proactive) 14M(78%)->12M(67%)
[2024-07-10T16:08:40.845+0500][info][gc] GC(119) Garbage Collection (Proactive) 14M(78%)->12M(67%)
[2024-07-10T16:08:41.845+0500][info][gc] GC(120) Garbage Collection (Proactive) 14M(78%)->12M(67%)
[2024-07-10T16:08:42.743+0500][info][gc] GC(121) Garbage Collection (Proactive) 14M(78%)->12M(67%)
[2024-07-10T16:08:43.456+0500][info][gc] GC(122) Garbage Collection (Proactive) 14M(78%)->12M(67%)
[2024-07-10T16:08:44.152+0500][info][gc] GC(123) Garbage Collection (Proactive) 14M(78%)->12M(67%)
[2024-07-10T16:08:44.843+0500][info][gc] GC(124) Garbage Collection (Proactive) 14M(78%)->12M(67%)
[2024-07-10T16:08:45.848+0500][info][gc] GC(125) Garbage Collection (Proactive) 14M(78%)->12M(67%)
[2024-07-10T16:08:46.848+0500][info][gc] GC(126) Garbage Collection (Proactive) 14M(78%)->12M(67%)
[2024-07-10T16:08:47.844+0500][info][gc] GC(127) Garbage Collection (Proactive) 14M(78%)->12M(67%)
[2024-07-10T16:08:48.851+0500][info][gc] GC(128) Garbage Collection (Proactive) 14M(78%)->12M(67%)
[2024-07-10T16:08:49.854+0500][info][gc] GC(129) Garbage Collection (Proactive) 14M(78%)->12M(67%)
[2024-07-10T16:08:50.848+0500][info][gc] GC(130) Garbage Collection (Proactive) 14M(78%)->12M(67%)
[2024-07-10T16:08:51.858+0500][info][gc] GC(131) Garbage Collection (Proactive) 14M(78%)->12M(67%)
[2024-07-10T16:08:52.859+0500][info][gc] GC(132) Garbage Collection (Proactive) 14M(78%)->12M(67%)
[2024-07-10T16:08:53.844+0500][info][gc] GC(133) Garbage Collection (Proactive) 14M(78%)->12M(67%)
[2024-07-10T16:08:54.859+0500][info][gc] GC(134) Garbage Collection (Proactive) 14M(78%)->12M(67%)
[2024-07-10T16:08:55.858+0500][info][gc] GC(135) Garbage Collection (Proactive) 14M(78%)->12M(67%)
[2024-07-10T16:08:56.855+0500][info][gc] GC(136) Garbage Collection (Proactive) 14M(78%)->12M(67%)
[2024-07-10T16:08:57.845+0500][info][gc] GC(137) Garbage Collection (Proactive) 14M(78%)->12M(67%)
[2024-07-10T16:08:58.852+0500][info][gc] GC(138) Garbage Collection (Proactive) 14M(78%)->12M(67%)
[2024-07-10T16:08:59.851+0500][info][gc] GC(139) Garbage Collection (Proactive) 14M(78%)->12M(67%)
[2024-07-10T16:09:00.854+0500][info][gc] GC(140) Garbage Collection (Proactive) 14M(78%)->12M(67%)
[2024-07-10T16:09:01.854+0500][info][gc] GC(141) Garbage Collection (Proactive) 14M(78%)->12M(67%)
[2024-07-10T16:09:02.850+0500][info][gc] GC(142) Garbage Collection (Proactive) 14M(78%)->12M(67%)
[2024-07-10T16:09:03.845+0500][info][gc] GC(143) Garbage Collection (Proactive) 14M(78%)->12M(67%)
[2024-07-10T16:09:04.846+0500][info][gc] GC(144) Garbage Collection (Proactive) 14M(78%)->12M(67%)
[2024-07-10T16:09:05.851+0500][info][gc] GC(145) Garbage Collection (Proactive) 14M(78%)->12M(67%)
[2024-07-10T16:09:06.858+0500][info][gc] GC(146) Garbage Collection (Proactive) 14M(78%)->12M(67%)
[2024-07-10T16:09:07.856+0500][info][gc] GC(147) Garbage Collection (Proactive) 14M(78%)->12M(67%)
[2024-07-10T16:09:08.848+0500][info][gc] GC(148) Garbage Collection (Proactive) 14M(78%)->12M(67%)
[2024-07-10T16:09:09.859+0500][info][gc] GC(149) Garbage Collection (Proactive) 14M(78%)->12M(67%)
[2024-07-10T16:09:10.854+0500][info][gc] GC(150) Garbage Collection (Proactive) 14M(78%)->12M(67%)
[2024-07-10T16:09:11.850+0500][info][gc] GC(151) Garbage Collection (Proactive) 14M(78%)->12M(67%)
[2024-07-10T16:09:12.756+0500][info][gc] GC(152) Garbage Collection (Proactive) 14M(78%)->12M(67%)
[2024-07-10T16:09:25.948+0500][info][gc] GC(153) Garbage Collection (Proactive) 14M(78%)->12M(67%)
[2024-07-10T16:09:26.847+0500][info][gc] GC(154) Garbage Collection (Proactive) 14M(78%)->14M(78%)
[2024-07-10T16:09:39.943+0500][info][gc] GC(155) Garbage Collection (Allocation Rate) 16M(89%)->12M(67%)
[2024-07-10T16:09:40.859+0500][info][gc] GC(156) Garbage Collection (Proactive) 14M(78%)->12M(67%)
[2024-07-10T16:09:49.949+0500][info][gc] GC(157) Garbage Collection (Proactive) 14M(78%)->12M(67%)
[2024-07-10T16:10:01.956+0500][info][gc] GC(158) Garbage Collection (Proactive) 14M(78%)->10M(56%)
[2024-07-10T16:10:02.855+0500][info][gc] GC(159) Garbage Collection (Proactive) 12M(67%)->10M(56%)
[2024-07-10T16:10:03.848+0500][info][gc] GC(160) Garbage Collection (Proactive) 12M(67%)->10M(56%)
[2024-07-10T16:10:04.750+0500][info][gc] GC(161) Garbage Collection (Proactive) 12M(67%)->10M(56%)
[2024-07-10T16:10:05.845+0500][info][gc] GC(162) Garbage Collection (Proactive) 12M(67%)->10M(56%)
[2024-07-10T16:10:06.754+0500][info][gc] GC(163) Garbage Collection (Proactive) 12M(67%)->10M(56%)
[2024-07-10T16:10:07.745+0500][info][gc] GC(164) Garbage Collection (Proactive) 12M(67%)->10M(56%)
[2024-07-10T16:10:08.649+0500][info][gc] GC(165) Garbage Collection (Proactive) 12M(67%)->10M(56%)
[2024-07-10T16:10:09.552+0500][info][gc] GC(166) Garbage Collection (Proactive) 12M(67%)->10M(56%)
[2024-07-10T16:10:11.075+0500][info][gc] GC(167) Garbage Collection (Proactive) 12M(67%)->10M(56%)
[2024-07-10T16:10:13.771+0500][info][gc] GC(168) Garbage Collection (Proactive) 12M(67%)->10M(56%)
[2024-07-10T16:10:16.752+0500][info][gc] GC(169) Garbage Collection (Proactive) 12M(67%)->10M(56%)
[2024-07-10T16:10:19.355+0500][info][gc] GC(170) Garbage Collection (Proactive) 12M(67%)->10M(56%)
[2024-07-10T16:10:21.346+0500][info][gc] GC(171) Garbage Collection (Proactive) 12M(67%)->10M(56%)
[2024-07-10T16:10:22.747+0500][info][gc] GC(172) Garbage Collection (Proactive) 12M(67%)->10M(56%)
[2024-07-10T16:10:23.853+0500][info][gc] GC(173) Garbage Collection (Proactive) 12M(67%)->10M(56%)
[2024-07-10T16:10:24.746+0500][info][gc] GC(174) Garbage Collection (Proactive) 12M(67%)->10M(56%)
[2024-07-10T16:10:25.544+0500][info][gc] GC(175) Garbage Collection (Proactive) 12M(67%)->10M(56%)
